// Jest Snapshot v1, https://goo.gl/fbAQLP

exports[`renders a snapshot 1`] = `
<div
  className="App"
>
  <div
    className="card"
    style={
      Object {
        "width": "18rem",
      }
    }
  >
    <div
      className="card-body"
    >
      <div
        className="card-title h5"
      >
        GitHub Info
      </div>
      <div
        className="mb-2 text-muted card-subtitle h6"
      >
        Matthew Perrot
      </div>
      <div
        className="mb-2 text-muted card-subtitle h6"
      >
        User Name: rlsnider
      </div>
      <p
        className="card-text"
      >
        <p>
          Bio: 25 years old, from Tampa, FL, live in Las Vegas, and a very cool person
          <br />
        </p>
      </p>
      <a
        className="card-link"
        href="https://makemyinspiration.com"
      >
        Personal Website
      </a>
      <br />
      <a
        className="card-link"
        href="https:api.github.com/users/matthewp97"
      >
        GitHub Link
      </a>
    </div>
  </div>
</div>
`;
